/SiteWebIF/Intranet-etudiant.php (67 hits)
/temps/FondInsa.jpg (29 hits)
/temps/style_emploi_du_temps.css (28 hits)
/temps/precedent.gif (28 hits)
/temps/suivant.gif (28 hits)
/temps/choix.gif (27 hits)
/temps/5IF40.html (23 hits)
/apple-touch-icon-precomposed.png (22 hits)
/temps/3IF40.html (20 hits)
/favicon.ico (19 hits)
Dot-file court.dot generated.

