The log file specified must be a .log or a .txt file.

