An error occured while trying to read your file, please make sure your file exists and is accessible.

