 Warning : only hits between 10h and 11h have been taken into account.
Warning : images, css and javascript files have been ignored.
/SiteWebIF/Intranet-etudiant.php (29 hits)
/temps/3IF40.html (7 hits)
/temps/3IF3.ics (7 hits)
/SiteWebIF/Intranet-personnel.php (7 hits)
/temps/5IF41.html (6 hits)
/temps/5IF40.html (6 hits)
/temps/4IF40.html (5 hits)
/temps/3IF39.html (5 hits)
/temps/PL.ics (4 hits)
/temps/3IF1.ics (3 hits)
Dot-file court.dot generated.


