 Warning : only hits between 10h and 11h have been taken into account.
/SiteWebIF/Intranet-etudiant.php (29 hits)
/SiteWebIF/Intranet-personnel.php (7 hits)
/temps/3IF40.html (7 hits)
/apple-touch-icon-precomposed.png (7 hits)
/temps/3IF3.ics (7 hits)
/temps/5IF40.html (6 hits)
/temps/5IF41.html (6 hits)
/temps/FondInsa.jpg (6 hits)
/apple-touch-icon.png (6 hits)
/temps/InsaIF.ico (5 hits)

