Warning : images, css and javascript files have been ignored.
/SiteWebIF/Intranet-etudiant.php (67 hits)
/temps/5IF40.html (23 hits)
/temps/3IF40.html (20 hits)
/temps/3IF3.ics (18 hits)
/temps/4IF40.html (14 hits)
/SiteWebIF/Intranet-personnel.php (13 hits)
/temps/ (13 hits)
/stages/ListePFE.php (13 hits)
/temps/5IF41.html (11 hits)
/temps/4IF3.ics (10 hits)

